USING abc
INSERTED 1
USING def
INSERTED 2
WATCHING 2
WATCHING 3
RESERVED 2 0

