INSERTED 1
OK 135
---
id: 1
tube: default
state: ready
pri: 0
age: 0
delay: 0
ttr: 5
time-left: 0
reserves: 0
timeouts: 0
releases: 0
buries: 0
kicks: 0

