INSERTED 1
INSERTED 2
INSERTED 3
INSERTED 4
INSERTED 5
INSERTED 6
INSERTED 7
OK 137
---
id: 1
tube: default
state: ready
pri: 0
age: 0
delay: 0
ttr: 120
time-left: 0
reserves: 0
timeouts: 0
releases: 0
buries: 0
kicks: 0

OK 138
---
id: 2
tube: default
state: ready
pri: 0
age: 0
delay: 0
ttr: 4294
time-left: 0
reserves: 0
timeouts: 0
releases: 0
buries: 0
kicks: 0

OK 138
---
id: 3
tube: default
state: ready
pri: 0
age: 0
delay: 0
ttr: 4295
time-left: 0
reserves: 0
timeouts: 0
releases: 0
buries: 0
kicks: 0

OK 138
---
id: 4
tube: default
state: ready
pri: 0
age: 0
delay: 0
ttr: 4296
time-left: 0
reserves: 0
timeouts: 0
releases: 0
buries: 0
kicks: 0

OK 138
---
id: 5
tube: default
state: ready
pri: 0
age: 0
delay: 0
ttr: 4297
time-left: 0
reserves: 0
timeouts: 0
releases: 0
buries: 0
kicks: 0

OK 138
---
id: 6
tube: default
state: ready
pri: 0
age: 0
delay: 0
ttr: 5000
time-left: 0
reserves: 0
timeouts: 0
releases: 0
buries: 0
kicks: 0

OK 139
---
id: 7
tube: default
state: ready
pri: 0
age: 0
delay: 0
ttr: 21600
time-left: 0
reserves: 0
timeouts: 0
releases: 0
buries: 0
kicks: 0

